[INFO] Scanning for projects...
[INFO] 
[INFO] --------------------< com.finance:finance-backend >---------------------
[INFO] Building finance-backend 1.0.0
[INFO]   from pom.xml
[INFO] --------------------------------[ jar ]---------------------------------
[INFO] 
[INFO] --- resources:3.3.1:resources (default-resources) @ finance-backend ---
[INFO] Copying 1 resource from src\main\resources to target\classes
[INFO] Copying 0 resource from src\main\resources to target\classes
[INFO] 
[INFO] --- compiler:3.11.0:compile (default-compile) @ finance-backend ---
[INFO] Nothing to compile - all classes are up to date
[INFO] 
[INFO] --- resources:3.3.1:testResources (default-testResources) @ finance-backend ---
[INFO] Copying 1 resource from src\test\resources to target\test-classes
[INFO] 
[INFO] --- compiler:3.11.0:testCompile (default-testCompile) @ finance-backend ---
[INFO] Changes detected - recompiling the module! :source
[INFO] Compiling 6 source files with javac [debug release 17] to target\test-classes
[INFO] 
[INFO] --- surefire:3.1.2:test (default-test) @ finance-backend ---
[INFO] Using auto detected provider org.apache.maven.surefire.junitplatform.JUnitPlatformProvider
[INFO] 
[INFO] -------------------------------------------------------
[INFO]  T E S T S
[INFO] -------------------------------------------------------
[INFO] Running com.finance.controller.FinancialRecordControllerIntegrationTest
15:12:07.061 [main] INFO org.springframework.test.context.support.AnnotationConfigContextLoaderUtils -- Could not detect default configuration classes for test class [com.finance.controller.FinancialRecordControllerIntegrationTest]: FinancialRecordControllerIntegrationTest does not declare any static, non-private, non-final, nested classes annotated with @Configuration.
15:12:07.204 [main] INFO org.springframework.boot.test.context.SpringBootTestContextBootstrapper -- Found @SpringBootConfiguration com.finance.FinanceApplication for test class com.finance.controller.FinancialRecordControllerIntegrationTest

  .   ____          _            __ _ _
 /\\ / ___'_ __ _ _(_)_ __  __ _ \ \ \ \
( ( )\___ | '_ | '_| | '_ \/ _` | \ \ \ \
 \\/  ___)| |_)| | | | | || (_| |  ) ) ) )
  '  |____| .__|_| |_|_| |_\__, | / / / /
 =========|_|==============|___/=/_/_/_/
 :: Spring Boot ::                (v3.2.0)

2026-04-03T15:12:07.742+05:30  INFO 34096 --- [           main] FinancialRecordControllerIntegrationTest : Starting FinancialRecordControllerIntegrationTest using Java 20.0.2 with PID 34096 (started by shrey in C:\Users\shrey\Downloads\finance-backend-final\finance-backend)
2026-04-03T15:12:07.744+05:30  INFO 34096 --- [           main] FinancialRecordControllerIntegrationTest : The following 1 profile is active: "test"
2026-04-03T15:12:09.139+05:30  INFO 34096 --- [           main] .s.d.r.c.RepositoryConfigurationDelegate : Bootstrapping Spring Data JPA repositories in DEFAULT mode.
2026-04-03T15:12:09.286+05:30  INFO 34096 --- [           main] .s.d.r.c.RepositoryConfigurationDelegate : Finished Spring Data repository scanning in 127 ms. Found 2 JPA repository interfaces.
2026-04-03T15:12:10.924+05:30  INFO 34096 --- [           main] o.hibernate.jpa.internal.util.LogHelper  : HHH000204: Processing PersistenceUnitInfo [name: default]
2026-04-03T15:12:11.107+05:30  INFO 34096 --- [           main] org.hibernate.Version                    : HHH000412: Hibernate ORM core version 6.3.1.Final
2026-04-03T15:12:11.313+05:30  INFO 34096 --- [           main] o.h.c.internal.RegionFactoryInitiator    : HHH000026: Second-level cache disabled
2026-04-03T15:12:12.476+05:30  INFO 34096 --- [           main] o.s.o.j.p.SpringPersistenceUnitInfo      : No LoadTimeWeaver setup: ignoring JPA class transformer
2026-04-03T15:12:12.540+05:30  INFO 34096 --- [           main] com.zaxxer.hikari.HikariDataSource       : HikariPool-1 - Starting...
2026-04-03T15:12:16.918+05:30  INFO 34096 --- [           main] com.zaxxer.hikari.pool.HikariPool        : HikariPool-1 - Added connection conn0: url=jdbc:h2:mem:testdb user=SA
2026-04-03T15:12:16.920+05:30  INFO 34096 --- [           main] com.zaxxer.hikari.HikariDataSource       : HikariPool-1 - Start completed.
2026-04-03T15:12:18.301+05:30  WARN 34096 --- [           main] org.hibernate.orm.deprecation            : HHH90000025: H2Dialect does not need to be specified explicitly using 'hibernate.dialect' (remove the property setting and it will be selected by default)
2026-04-03T15:12:20.961+05:30  INFO 34096 --- [           main] o.h.e.t.j.p.i.JtaPlatformInitiator       : HHH000489: No JTA platform available (set 'hibernate.transaction.jta.platform' to enable JTA platform integration)
2026-04-03T15:12:21.122+05:30  INFO 34096 --- [           main] j.LocalContainerEntityManagerFactoryBean : Initialized JPA EntityManagerFactory for persistence unit 'default'
2026-04-03T15:12:22.564+05:30  INFO 34096 --- [           main] o.s.d.j.r.query.QueryEnhancerFactory     : Hibernate is in classpath; If applicable, HQL parser will be used.
2026-04-03T15:12:30.202+05:30  INFO 34096 --- [           main] o.s.b.t.m.w.SpringBootMockServletContext : Initializing Spring TestDispatcherServlet ''
2026-04-03T15:12:30.203+05:30  INFO 34096 --- [           main] o.s.t.web.servlet.TestDispatcherServlet  : Initializing Servlet ''
2026-04-03T15:12:30.205+05:30  INFO 34096 --- [           main] o.s.t.web.servlet.TestDispatcherServlet  : Completed initialization in 1 ms
2026-04-03T15:12:30.244+05:30  INFO 34096 --- [           main] FinancialRecordControllerIntegrationTest : Started FinancialRecordControllerIntegrationTest in 22.809 seconds (process running for 24.21)
2026-04-03T15:12:31.127+05:30  WARN 34096 --- [           main] o.s.w.s.h.HandlerMappingIntrospector     : Cache miss for REQUEST dispatch to '/api/auth/register' (previous null). Performing CorsConfiguration lookup. This is logged once only at WARN level, and every time at TRACE.
2026-04-03T15:12:31.437+05:30  WARN 34096 --- [           main] c.f.s.JwtAuthenticationEntryPoint        : Unauthorized access attempt: GET /api/records

MockHttpServletRequest:
      HTTP Method = POST
      Request URI = /api/auth/register
       Parameters = {}
          Headers = [Content-Type:"application/json;charset=UTF-8", Content-Length:"86"]
             Body = {"username":"rec_admin","email":"rec_admin@test.com","password":"pass","role":"ADMIN"}
    Session Attrs = {}

Handler:
             Type = com.finance.controller.AuthController
           Method = com.finance.controller.AuthController#register(RegisterRequest)

Async:
    Async started = false
     Async result = null

Resolved Exception:
             Type = org.springframework.web.bind.MethodArgumentNotValidException

ModelAndView:
        View name = null
             View = null
            Model = null

FlashMap:
       Attributes = null

MockHttpServletResponse:
           Status = 400
    Error message = null
          Headers = [Vary:"Origin", "Access-Control-Request-Method", "Access-Control-Request-Headers", X-RateLimit-Limit:"100", X-RateLimit-Remaining:"99", Content-Type:"application/json", X-Content-Type-Options:"nosniff", X-XSS-Protection:"0", Cache-Control:"no-cache, no-store, max-age=0, must-revalidate", Pragma:"no-cache", Expires:"0", X-Frame-Options:"DENY"]
     Content type = application/json
             Body = {"success":false,"message":"Validation failed","data":{"password":"Password must be at least 6 characters"},"timestamp":"2026-04-03T15:12:31.3788915"}
    Forwarded URL = null
   Redirected URL = null
          Cookies = []

MockHttpServletRequest:
      HTTP Method = POST
      Request URI = /api/auth/register
       Parameters = {}
          Headers = [Content-Type:"application/json;charset=UTF-8", Content-Length:"92"]
             Body = {"username":"rec_analyst","email":"rec_analyst@test.com","password":"pass","role":"ANALYST"}
    Session Attrs = {}

Handler:
             Type = com.finance.controller.AuthController
           Method = com.finance.controller.AuthController#register(RegisterRequest)

Async:
    Async started = false
     Async result = null

Resolved Exception:
             Type = org.springframework.web.bind.MethodArgumentNotValidException

ModelAndView:
        View name = null
             View = null
            Model = null

FlashMap:
       Attributes = null

MockHttpServletResponse:
           Status = 400
    Error message = null
          Headers = [Vary:"Origin", "Access-Control-Request-Method", "Access-Control-Request-Headers", X-RateLimit-Limit:"100", X-RateLimit-Remaining:"98", Content-Type:"application/json", X-Content-Type-Options:"nosniff", X-XSS-Protection:"0", Cache-Control:"no-cache, no-store, max-age=0, must-revalidate", Pragma:"no-cache", Expires:"0", X-Frame-Options:"DENY"]
     Content type = application/json
             Body = {"success":false,"message":"Validation failed","data":{"password":"Password must be at least 6 characters"},"timestamp":"2026-04-03T15:12:31.4281155"}
    Forwarded URL = null
   Redirected URL = null
          Cookies = []

MockHttpServletRequest:
      HTTP Method = POST
      Request URI = /api/auth/register
       Parameters = {}
          Headers = [Content-Type:"application/json;charset=UTF-8", Content-Length:"89"]
             Body = {"username":"rec_viewer","email":"rec_viewer@test.com","password":"pass","role":"VIEWER"}
    Session Attrs = {}

Handler:
             Type = com.finance.controller.AuthController
           Method = com.finance.controller.AuthController#register(RegisterRequest)

Async:
    Async started = false
     Async result = null

Resolved Exception:
             Type = org.springframework.web.bind.MethodArgumentNotValidException

ModelAndView:
        View name = null
             View = null
            Model = null

FlashMap:
       Attributes = null

MockHttpServletResponse:
           Status = 400
    Error message = null
          Headers = [Vary:"Origin", "Access-Control-Request-Method", "Access-Control-Request-Headers", X-RateLimit-Limit:"100", X-RateLimit-Remaining:"97", Content-Type:"application/json", X-Content-Type-Options:"nosniff", X-XSS-Protection:"0", Cache-Control:"no-cache, no-store, max-age=0, must-revalidate", Pragma:"no-cache", Expires:"0", X-Frame-Options:"DENY"]
     Content type = application/json
             Body = {"success":false,"message":"Validation failed","data":{"password":"Password must be at least 6 characters"},"timestamp":"2026-04-03T15:12:31.4314363"}
    Forwarded URL = null
   Redirected URL = null
          Cookies = []

MockHttpServletRequest:
      HTTP Method = GET
      Request URI = /api/records
       Parameters = {}
          Headers = [Authorization:"Bearer "]
             Body = null
    Session Attrs = {}

Handler:
             Type = null

Async:
    Async started = false
     Async result = null

Resolved Exception:
             Type = null

ModelAndView:
        View name = null
             View = null
            Model = null

FlashMap:
       Attributes = null

MockHttpServletResponse:
           Status = 401
    Error message = null
          Headers = [Vary:"Origin", "Access-Control-Request-Method", "Access-Control-Request-Headers", Content-Type:"application/json", X-Content-Type-Options:"nosniff", X-XSS-Protection:"0", Cache-Control:"no-cache, no-store, max-age=0, must-revalidate", Pragma:"no-cache", Expires:"0", X-Frame-Options:"DENY"]
     Content type = application/json
             Body = {"success":false,"message":"Unauthorized: Please provide a valid Bearer token to access this resource","timestamp":"2026-04-03T15:12:31.4370265"}
    Forwarded URL = null
   Redirected URL = null
          Cookies = []
2026-04-03T15:12:31.525+05:30  WARN 34096 --- [           main] c.f.s.JwtAuthenticationEntryPoint        : Unauthorized access attempt: POST /api/records
2026-04-03T15:12:31.550+05:30  WARN 34096 --- [           main] c.f.s.JwtAuthenticationEntryPoint        : Unauthorized access attempt: POST /api/records

MockHttpServletRequest:
      HTTP Method = POST
      Request URI = /api/auth/register
       Parameters = {}
          Headers = [Content-Type:"application/json;charset=UTF-8", Content-Length:"86"]
             Body = {"username":"rec_admin","email":"rec_admin@test.com","password":"pass","role":"ADMIN"}
    Session Attrs = {}

Handler:
             Type = com.finance.controller.AuthController
           Method = com.finance.controller.AuthController#register(RegisterRequest)

Async:
    Async started = false
     Async result = null

Resolved Exception:
             Type = org.springframework.web.bind.MethodArgumentNotValidException

ModelAndView:
        View name = null
             View = null
            Model = null

FlashMap:
       Attributes = null

MockHttpServletResponse:
           Status = 400
    Error message = null
          Headers = [Vary:"Origin", "Access-Control-Request-Method", "Access-Control-Request-Headers", X-RateLimit-Limit:"100", X-RateLimit-Remaining:"93", Content-Type:"application/json", X-Content-Type-Options:"nosniff", X-XSS-Protection:"0", Cache-Control:"no-cache, no-store, max-age=0, must-revalidate", Pragma:"no-cache", Expires:"0", X-Frame-Options:"DENY"]
     Content type = application/json
             Body = {"success":false,"message":"Validation failed","data":{"password":"Password must be at least 6 characters"},"timestamp":"2026-04-03T15:12:31.5367497"}
    Forwarded URL = null
   Redirected URL = null
          Cookies = []

MockHttpServletRequest:
      HTTP Method = POST
      Request URI = /api/auth/register
       Parameters = {}
          Headers = [Content-Type:"application/json;charset=UTF-8", Content-Length:"92"]
             Body = {"username":"rec_analyst","email":"rec_analyst@test.com","password":"pass","role":"ANALYST"}
    Session Attrs = {}

Handler:
             Type = com.finance.controller.AuthController
           Method = com.finance.controller.AuthController#register(RegisterRequest)

Async:
    Async started = false
     Async result = null

Resolved Exception:
             Type = org.springframework.web.bind.MethodArgumentNotValidException

ModelAndView:
        View name = null
             View = null
            Model = null

FlashMap:
       Attributes = null

MockHttpServletResponse:
           Status = 400
    Error message = null
          Headers = [Vary:"Origin", "Access-Control-Request-Method", "Access-Control-Request-Headers", X-RateLimit-Limit:"100", X-RateLimit-Remaining:"92", Content-Type:"application/json", X-Content-Type-Options:"nosniff", X-XSS-Protection:"0", Cache-Control:"no-cache, no-store, max-age=0, must-revalidate", Pragma:"no-cache", Expires:"0", X-Frame-Options:"DENY"]
     Content type = application/json
             Body = {"success":false,"message":"Validation failed","data":{"password":"Password must be at least 6 characters"},"timestamp":"2026-04-03T15:12:31.5408579"}
    Forwarded URL = null
   Redirected URL = null
          Cookies = []

MockHttpServletRequest:
      HTTP Method = POST
      Request URI = /api/auth/register
       Parameters = {}
          Headers = [Content-Type:"application/json;charset=UTF-8", Content-Length:"89"]
             Body = {"username":"rec_viewer","email":"rec_viewer@test.com","password":"pass","role":"VIEWER"}
    Session Attrs = {}

Handler:
             Type = com.finance.controller.AuthController
           Method = com.finance.controller.AuthController#register(RegisterRequest)

Async:
    Async started = false
     Async result = null

Resolved Exception:
             Type = org.springframework.web.bind.MethodArgumentNotValidException

ModelAndView:
        View name = null
             View = null
            Model = null

FlashMap:
       Attributes = null

MockHttpServletResponse:
           Status = 400
    Error message = null
          Headers = [Vary:"Origin", "Access-Control-Request-Method", "Access-Control-Request-Headers", X-RateLimit-Limit:"100", X-RateLimit-Remaining:"91", Content-Type:"application/json", X-Content-Type-Options:"nosniff", X-XSS-Protection:"0", Cache-Control:"no-cache, no-store, max-age=0, must-revalidate", Pragma:"no-cache", Expires:"0", X-Frame-Options:"DENY"]
     Content type = application/json
             Body = {"success":false,"message":"Validation failed","data":{"password":"Password must be at least 6 characters"},"timestamp":"2026-04-03T15:12:31.5466955"}
    Forwarded URL = null
   Redirected URL = null
          Cookies = []

MockHttpServletRequest:
      HTTP Method = POST
      Request URI = /api/records
       Parameters = {}
          Headers = [Content-Type:"application/json;charset=UTF-8", Authorization:"Bearer ", Content-Length:"96"]
             Body = {"amount":1500.00,"type":"INCOME","category":"Salary","date":"2026-04-03","notes":"Test record"}
    Session Attrs = {}

Handler:
             Type = null

Async:
    Async started = false
     Async result = null

Resolved Exception:
             Type = null

ModelAndView:
        View name = null
             View = null
            Model = null

FlashMap:
       Attributes = null

MockHttpServletResponse:
           Status = 401
    Error message = null
          Headers = [Vary:"Origin", "Access-Control-Request-Method", "Access-Control-Request-Headers", Content-Type:"application/json", X-Content-Type-Options:"nosniff", X-XSS-Protection:"0", Cache-Control:"no-cache, no-store, max-age=0, must-revalidate", Pragma:"no-cache", Expires:"0", X-Frame-Options:"DENY"]
     Content type = application/json
             Body = {"success":false,"message":"Unauthorized: Please provide a valid Bearer token to access this resource","timestamp":"2026-04-03T15:12:31.5506932"}
    Forwarded URL = null
   Redirected URL = null
          Cookies = []
2026-04-03T15:12:31.618+05:30  WARN 34096 --- [           main] c.f.s.JwtAuthenticationEntryPoint        : Unauthorized access attempt: GET /api/records

MockHttpServletRequest:
      HTTP Method = POST
      Request URI = /api/auth/register
       Parameters = {}
          Headers = [Content-Type:"application/json;charset=UTF-8", Content-Length:"86"]
             Body = {"username":"rec_admin","email":"rec_admin@test.com","password":"pass","role":"ADMIN"}
    Session Attrs = {}

Handler:
             Type = com.finance.controller.AuthController
           Method = com.finance.controller.AuthController#register(RegisterRequest)

Async:
    Async started = false
     Async result = null

Resolved Exception:
             Type = org.springframework.web.bind.MethodArgumentNotValidException

ModelAndView:
        View name = null
             View = null
            Model = null

FlashMap:
       Attributes = null

MockHttpServletResponse:
           Status = 400
    Error message = null
          Headers = [Vary:"Origin", "Access-Control-Request-Method", "Access-Control-Request-Headers", X-RateLimit-Limit:"100", X-RateLimit-Remaining:"90", Content-Type:"application/json", X-Content-Type-Options:"nosniff", X-XSS-Protection:"0", Cache-Control:"no-cache, no-store, max-age=0, must-revalidate", Pragma:"no-cache", Expires:"0", X-Frame-Options:"DENY"]
     Content type = application/json
             Body = {"success":false,"message":"Validation failed","data":{"password":"Password must be at least 6 characters"},"timestamp":"2026-04-03T15:12:31.5979807"}
    Forwarded URL = null
   Redirected URL = null
          Cookies = []

MockHttpServletRequest:
      HTTP Method = POST
      Request URI = /api/auth/register
       Parameters = {}
          Headers = [Content-Type:"application/json;charset=UTF-8", Content-Length:"92"]
             Body = {"username":"rec_analyst","email":"rec_analyst@test.com","password":"pass","role":"ANALYST"}
    Session Attrs = {}

Handler:
             Type = com.finance.controller.AuthController
           Method = com.finance.controller.AuthController#register(RegisterRequest)

Async:
    Async started = false
     Async result = null

Resolved Exception:
             Type = org.springframework.web.bind.MethodArgumentNotValidException

ModelAndView:
        View name = null
             View = null
            Model = null

FlashMap:
       Attributes = null

MockHttpServletResponse:
           Status = 400
    Error message = null
          Headers = [Vary:"Origin", "Access-Control-Request-Method", "Access-Control-Request-Headers", X-RateLimit-Limit:"100", X-RateLimit-Remaining:"89", Content-Type:"application/json", X-Content-Type-Options:"nosniff", X-XSS-Protection:"0", Cache-Control:"no-cache, no-store, max-age=0, must-revalidate", Pragma:"no-cache", Expires:"0", X-Frame-Options:"DENY"]
     Content type = application/json
             Body = {"success":false,"message":"Validation failed","data":{"password":"Password must be at least 6 characters"},"timestamp":"2026-04-03T15:12:31.6100301"}
    Forwarded URL = null
   Redirected URL = null
          Cookies = []

MockHttpServletRequest:
      HTTP Method = POST
      Request URI = /api/auth/register
       Parameters = {}
          Headers = [Content-Type:"application/json;charset=UTF-8", Content-Length:"89"]
             Body = {"username":"rec_viewer","email":"rec_viewer@test.com","password":"pass","role":"VIEWER"}
    Session Attrs = {}

Handler:
             Type = com.finance.controller.AuthController
           Method = com.finance.controller.AuthController#register(RegisterRequest)

Async:
    Async started = false
     Async result = null

Resolved Exception:
             Type = org.springframework.web.bind.MethodArgumentNotValidException

ModelAndView:
        View name = null
             View = null
            Model = null

FlashMap:
       Attributes = null

MockHttpServletResponse:
           Status = 400
    Error message = null
          Headers = [Vary:"Origin", "Access-Control-Request-Method", "Access-Control-Request-Headers", X-RateLimit-Limit:"100", X-RateLimit-Remaining:"88", Content-Type:"application/json", X-Content-Type-Options:"nosniff", X-XSS-Protection:"0", Cache-Control:"no-cache, no-store, max-age=0, must-revalidate", Pragma:"no-cache", Expires:"0", X-Frame-Options:"DENY"]
     Content type = application/json
             Body = {"success":false,"message":"Validation failed","data":{"password":"Password must be at least 6 characters"},"timestamp":"2026-04-03T15:12:31.6160673"}
    Forwarded URL = null
   Redirected URL = null
          Cookies = []

MockHttpServletRequest:
      HTTP Method = GET
      Request URI = /api/records
       Parameters = {}
          Headers = [Authorization:"Bearer "]
             Body = null
    Session Attrs = {}

Handler:
             Type = null

Async:
    Async started = false
     Async result = null

Resolved Exception:
             Type = null

ModelAndView:
        View name = null
             View = null
            Model = null

FlashMap:
       Attributes = null

MockHttpServletResponse:
           Status = 401
    Error message = null
          Headers = [Vary:"Origin", "Access-Control-Request-Method", "Access-Control-Request-Headers", Content-Type:"application/json", X-Content-Type-Options:"nosniff", X-XSS-Protection:"0", Cache-Control:"no-cache, no-store, max-age=0, must-revalidate", Pragma:"no-cache", Expires:"0", X-Frame-Options:"DENY"]
     Content type = application/json
             Body = {"success":false,"message":"Unauthorized: Please provide a valid Bearer token to access this resource","timestamp":"2026-04-03T15:12:31.6181982"}
    Forwarded URL = null
   Redirected URL = null
          Cookies = []
2026-04-03T15:12:31.651+05:30  WARN 34096 --- [           main] c.f.s.JwtAuthenticationEntryPoint        : Unauthorized access attempt: POST /api/records

MockHttpServletRequest:
      HTTP Method = POST
      Request URI = /api/auth/register
       Parameters = {}
          Headers = [Content-Type:"application/json;charset=UTF-8", Content-Length:"86"]
             Body = {"username":"rec_admin","email":"rec_admin@test.com","password":"pass","role":"ADMIN"}
    Session Attrs = {}

Handler:
             Type = com.finance.controller.AuthController
           Method = com.finance.controller.AuthController#register(RegisterRequest)

Async:
    Async started = false
     Async result = null

Resolved Exception:
             Type = org.springframework.web.bind.MethodArgumentNotValidException

ModelAndView:
        View name = null
             View = null
            Model = null

FlashMap:
       Attributes = null

MockHttpServletResponse:
           Status = 400
    Error message = null
          Headers = [Vary:"Origin", "Access-Control-Request-Method", "Access-Control-Request-Headers", X-RateLimit-Limit:"100", X-RateLimit-Remaining:"87", Content-Type:"application/json", X-Content-Type-Options:"nosniff", X-XSS-Protection:"0", Cache-Control:"no-cache, no-store, max-age=0, must-revalidate", Pragma:"no-cache", Expires:"0", X-Frame-Options:"DENY"]
     Content type = application/json
             Body = {"success":false,"message":"Validation failed","data":{"password":"Password must be at least 6 characters"},"timestamp":"2026-04-03T15:12:31.6392977"}
    Forwarded URL = null
   Redirected URL = null
          Cookies = []

MockHttpServletRequest:
      HTTP Method = POST
      Request URI = /api/auth/register
       Parameters = {}
          Headers = [Content-Type:"application/json;charset=UTF-8", Content-Length:"92"]
             Body = {"username":"rec_analyst","email":"rec_analyst@test.com","password":"pass","role":"ANALYST"}
    Session Attrs = {}

Handler:
             Type = com.finance.controller.AuthController
           Method = com.finance.controller.AuthController#register(RegisterRequest)

Async:
    Async started = false
     Async result = null

Resolved Exception:
             Type = org.springframework.web.bind.MethodArgumentNotValidException

ModelAndView:
        View name = null
             View = null
            Model = null

FlashMap:
       Attributes = null

MockHttpServletResponse:
           Status = 400
    Error message = null
          Headers = [Vary:"Origin", "Access-Control-Request-Method", "Access-Control-Request-Headers", X-RateLimit-Limit:"100", X-RateLimit-Remaining:"86", Content-Type:"application/json", X-Content-Type-Options:"nosniff", X-XSS-Protection:"0", Cache-Control:"no-cache, no-store, max-age=0, must-revalidate", Pragma:"no-cache", Expires:"0", X-Frame-Options:"DENY"]
     Content type = application/json
             Body = {"success":false,"message":"Validation failed","data":{"password":"Password must be at least 6 characters"},"timestamp":"2026-04-03T15:12:31.6453094"}
    Forwarded URL = null
   Redirected URL = null
          Cookies = []

MockHttpServletRequest:
      HTTP Method = POST
      Request URI = /api/auth/register
       Parameters = {}
          Headers = [Content-Type:"application/json;charset=UTF-8", Content-Length:"89"]
             Body = {"username":"rec_viewer","email":"rec_viewer@test.com","password":"pass","role":"VIEWER"}
    Session Attrs = {}

Handler:
             Type = com.finance.controller.AuthController
           Method = com.finance.controller.AuthController#register(RegisterRequest)

Async:
    Async started = false
     Async result = null

Resolved Exception:
             Type = org.springframework.web.bind.MethodArgumentNotValidException

ModelAndView:
        View name = null
             View = null
            Model = null

FlashMap:
       Attributes = null

MockHttpServletResponse:
           Status = 400
    Error message = null
          Headers = [Vary:"Origin", "Access-Control-Request-Method", "Access-Control-Request-Headers", X-RateLimit-Limit:"100", X-RateLimit-Remaining:"85", Content-Type:"application/json", X-Content-Type-Options:"nosniff", X-XSS-Protection:"0", Cache-Control:"no-cache, no-store, max-age=0, must-revalidate", Pragma:"no-cache", Expires:"0", X-Frame-Options:"DENY"]
     Content type = application/json
             Body = {"success":false,"message":"Validation failed","data":{"password":"Password must be at least 6 characters"},"timestamp":"2026-04-03T15:12:31.6483122"}
    Forwarded URL = null
   Redirected URL = null
          Cookies = []

MockHttpServletRequest:
      HTTP Method = POST
      Request URI = /api/records
       Parameters = {}
          Headers = [Content-Type:"application/json;charset=UTF-8", Authorization:"Bearer ", Content-Length:"96"]
             Body = {"amount":1500.00,"type":"INCOME","category":"Salary","date":"2026-04-03","notes":"Test record"}
    Session Attrs = {}

Handler:
             Type = null

Async:
    Async started = false
     Async result = null

Resolved Exception:
             Type = null

ModelAndView:
        View name = null
             View = null
            Model = null

FlashMap:
       Attributes = null

MockHttpServletResponse:
           Status = 401
    Error message = null
          Headers = [Vary:"Origin", "Access-Control-Request-Method", "Access-Control-Request-Headers", Content-Type:"application/json", X-Content-Type-Options:"nosniff", X-XSS-Protection:"0", Cache-Control:"no-cache, no-store, max-age=0, must-revalidate", Pragma:"no-cache", Expires:"0", X-Frame-Options:"DENY"]
     Content type = application/json
             Body = {"success":false,"message":"Unauthorized: Please provide a valid Bearer token to access this resource","timestamp":"2026-04-03T15:12:31.6513466"}
    Forwarded URL = null
   Redirected URL = null
          Cookies = []
2026-04-03T15:12:31.678+05:30  WARN 34096 --- [           main] c.f.s.JwtAuthenticationEntryPoint        : Unauthorized access attempt: POST /api/records

MockHttpServletRequest:
      HTTP Method = POST
      Request URI = /api/auth/register
       Parameters = {}
          Headers = [Content-Type:"application/json;charset=UTF-8", Content-Length:"86"]
             Body = {"username":"rec_admin","email":"rec_admin@test.com","password":"pass","role":"ADMIN"}
    Session Attrs = {}

Handler:
             Type = com.finance.controller.AuthController
           Method = com.finance.controller.AuthController#register(RegisterRequest)

Async:
    Async started = false
     Async result = null

Resolved Exception:
             Type = org.springframework.web.bind.MethodArgumentNotValidException

ModelAndView:
        View name = null
             View = null
            Model = null

FlashMap:
       Attributes = null

MockHttpServletResponse:
           Status = 400
    Error message = null
          Headers = [Vary:"Origin", "Access-Control-Request-Method", "Access-Control-Request-Headers", X-RateLimit-Limit:"100", X-RateLimit-Remaining:"84", Content-Type:"application/json", X-Content-Type-Options:"nosniff", X-XSS-Protection:"0", Cache-Control:"no-cache, no-store, max-age=0, must-revalidate", Pragma:"no-cache", Expires:"0", X-Frame-Options:"DENY"]
     Content type = application/json
             Body = {"success":false,"message":"Validation failed","data":{"password":"Password must be at least 6 characters"},"timestamp":"2026-04-03T15:12:31.6686737"}
    Forwarded URL = null
   Redirected URL = null
          Cookies = []

MockHttpServletRequest:
      HTTP Method = POST
      Request URI = /api/auth/register
       Parameters = {}
          Headers = [Content-Type:"application/json;charset=UTF-8", Content-Length:"92"]
             Body = {"username":"rec_analyst","email":"rec_analyst@test.com","password":"pass","role":"ANALYST"}
    Session Attrs = {}

Handler:
             Type = com.finance.controller.AuthController
           Method = com.finance.controller.AuthController#register(RegisterRequest)

Async:
    Async started = false
     Async result = null

Resolved Exception:
             Type = org.springframework.web.bind.MethodArgumentNotValidException

ModelAndView:
        View name = null
             View = null
            Model = null

FlashMap:
       Attributes = null

MockHttpServletResponse:
           Status = 400
    Error message = null
          Headers = [Vary:"Origin", "Access-Control-Request-Method", "Access-Control-Request-Headers", X-RateLimit-Limit:"100", X-RateLimit-Remaining:"83", Content-Type:"application/json", X-Content-Type-Options:"nosniff", X-XSS-Protection:"0", Cache-Control:"no-cache, no-store, max-age=0, must-revalidate", Pragma:"no-cache", Expires:"0", X-Frame-Options:"DENY"]
     Content type = application/json
             Body = {"success":false,"message":"Validation failed","data":{"password":"Password must be at least 6 characters"},"timestamp":"2026-04-03T15:12:31.6724981"}
    Forwarded URL = null
   Redirected URL = null
          Cookies = []

MockHttpServletRequest:
      HTTP Method = POST
      Request URI = /api/auth/register
       Parameters = {}
          Headers = [Content-Type:"application/json;charset=UTF-8", Content-Length:"89"]
             Body = {"username":"rec_viewer","email":"rec_viewer@test.com","password":"pass","role":"VIEWER"}
    Session Attrs = {}

Handler:
             Type = com.finance.controller.AuthController
           Method = com.finance.controller.AuthController#register(RegisterRequest)

Async:
    Async started = false
     Async result = null

Resolved Exception:
             Type = org.springframework.web.bind.MethodArgumentNotValidException

ModelAndView:
        View name = null
             View = null
            Model = null

FlashMap:
       Attributes = null

MockHttpServletResponse:
           Status = 400
    Error message = null
          Headers = [Vary:"Origin", "Access-Control-Request-Method", "Access-Control-Request-Headers", X-RateLimit-Limit:"100", X-RateLimit-Remaining:"82", Content-Type:"application/json", X-Content-Type-Options:"nosniff", X-XSS-Protection:"0", Cache-Control:"no-cache, no-store, max-age=0, must-revalidate", Pragma:"no-cache", Expires:"0", X-Frame-Options:"DENY"]
     Content type = application/json
             Body = {"success":false,"message":"Validation failed","data":{"password":"Password must be at least 6 characters"},"timestamp":"2026-04-03T15:12:31.6754953"}
    Forwarded URL = null
   Redirected URL = null
          Cookies = []

MockHttpServletRequest:
      HTTP Method = POST
      Request URI = /api/records
       Parameters = {}
          Headers = [Content-Type:"application/json;charset=UTF-8", Authorization:"Bearer ", Content-Length:"96"]
             Body = {"amount":1500.00,"type":"INCOME","category":"Salary","date":"2026-04-13","notes":"Test record"}
    Session Attrs = {}

Handler:
             Type = null

Async:
    Async started = false
     Async result = null

Resolved Exception:
             Type = null

ModelAndView:
        View name = null
             View = null
            Model = null

FlashMap:
       Attributes = null

MockHttpServletResponse:
           Status = 401
    Error message = null
          Headers = [Vary:"Origin", "Access-Control-Request-Method", "Access-Control-Request-Headers", Content-Type:"application/json", X-Content-Type-Options:"nosniff", X-XSS-Protection:"0", Cache-Control:"no-cache, no-store, max-age=0, must-revalidate", Pragma:"no-cache", Expires:"0", X-Frame-Options:"DENY"]
     Content type = application/json
             Body = {"success":false,"message":"Unauthorized: Please provide a valid Bearer token to access this resource","timestamp":"2026-04-03T15:12:31.6784939"}
    Forwarded URL = null
   Redirected URL = null
          Cookies = []
2026-04-03T15:12:31.710+05:30  WARN 34096 --- [           main] c.f.s.JwtAuthenticationEntryPoint        : Unauthorized access attempt: POST /api/records

MockHttpServletRequest:
      HTTP Method = POST
      Request URI = /api/auth/register
       Parameters = {}
          Headers = [Content-Type:"application/json;charset=UTF-8", Content-Length:"86"]
             Body = {"username":"rec_admin","email":"rec_admin@test.com","password":"pass","role":"ADMIN"}
    Session Attrs = {}

Handler:
             Type = com.finance.controller.AuthController
           Method = com.finance.controller.AuthController#register(RegisterRequest)

Async:
    Async started = false
     Async result = null

Resolved Exception:
             Type = org.springframework.web.bind.MethodArgumentNotValidException

ModelAndView:
        View name = null
             View = null
            Model = null

FlashMap:
       Attributes = null

MockHttpServletResponse:
           Status = 400
    Error message = null
          Headers = [Vary:"Origin", "Access-Control-Request-Method", "Access-Control-Request-Headers", X-RateLimit-Limit:"100", X-RateLimit-Remaining:"81", Content-Type:"application/json", X-Content-Type-Options:"nosniff", X-XSS-Protection:"0", Cache-Control:"no-cache, no-store, max-age=0, must-revalidate", Pragma:"no-cache", Expires:"0", X-Frame-Options:"DENY"]
     Content type = application/json
             Body = {"success":false,"message":"Validation failed","data":{"password":"Password must be at least 6 characters"},"timestamp":"2026-04-03T15:12:31.695176"}
    Forwarded URL = null
   Redirected URL = null
          Cookies = []

MockHttpServletRequest:
      HTTP Method = POST
      Request URI = /api/auth/register
       Parameters = {}
          Headers = [Content-Type:"application/json;charset=UTF-8", Content-Length:"92"]
             Body = {"username":"rec_analyst","email":"rec_analyst@test.com","password":"pass","role":"ANALYST"}
    Session Attrs = {}

Handler:
             Type = com.finance.controller.AuthController
           Method = com.finance.controller.AuthController#register(RegisterRequest)

Async:
    Async started = false
     Async result = null

Resolved Exception:
             Type = org.springframework.web.bind.MethodArgumentNotValidException

ModelAndView:
        View name = null
             View = null
            Model = null

FlashMap:
       Attributes = null

MockHttpServletResponse:
           Status = 400
    Error message = null
          Headers = [Vary:"Origin", "Access-Control-Request-Method", "Access-Control-Request-Headers", X-RateLimit-Limit:"100", X-RateLimit-Remaining:"80", Content-Type:"application/json", X-Content-Type-Options:"nosniff", X-XSS-Protection:"0", Cache-Control:"no-cache, no-store, max-age=0, must-revalidate", Pragma:"no-cache", Expires:"0", X-Frame-Options:"DENY"]
     Content type = application/json
             Body = {"success":false,"message":"Validation failed","data":{"password":"Password must be at least 6 characters"},"timestamp":"2026-04-03T15:12:31.7001811"}
    Forwarded URL = null
   Redirected URL = null
          Cookies = []

MockHttpServletRequest:
      HTTP Method = POST
      Request URI = /api/auth/register
       Parameters = {}
          Headers = [Content-Type:"application/json;charset=UTF-8", Content-Length:"89"]
             Body = {"username":"rec_viewer","email":"rec_viewer@test.com","password":"pass","role":"VIEWER"}
    Session Attrs = {}

Handler:
             Type = com.finance.controller.AuthController
           Method = com.finance.controller.AuthController#register(RegisterRequest)

Async:
    Async started = false
     Async result = null

Resolved Exception:
             Type = org.springframework.web.bind.MethodArgumentNotValidException

ModelAndView:
        View name = null
             View = null
            Model = null

FlashMap:
       Attributes = null

MockHttpServletResponse:
           Status = 400
    Error message = null
          Headers = [Vary:"Origin", "Access-Control-Request-Method", "Access-Control-Request-Headers", X-RateLimit-Limit:"100", X-RateLimit-Remaining:"79", Content-Type:"application/json", X-Content-Type-Options:"nosniff", X-XSS-Protection:"0", Cache-Control:"no-cache, no-store, max-age=0, must-revalidate", Pragma:"no-cache", Expires:"0", X-Frame-Options:"DENY"]
     Content type = application/json
             Body = {"success":false,"message":"Validation failed","data":{"password":"Password must be at least 6 characters"},"timestamp":"2026-04-03T15:12:31.7059587"}
    Forwarded URL = null
   Redirected URL = null
          Cookies = []

MockHttpServletRequest:
      HTTP Method = POST
      Request URI = /api/records
       Parameters = {}
          Headers = [Content-Type:"application/json;charset=UTF-8", Authorization:"Bearer ", Content-Length:"96"]
             Body = {"amount":1500.00,"type":"INCOME","category":"Salary","date":"2026-04-03","notes":"Test record"}
    Session Attrs = {}

Handler:
             Type = null

Async:
    Async started = false
     Async result = null

Resolved Exception:
             Type = null

ModelAndView:
        View name = null
             View = null
            Model = null

FlashMap:
       Attributes = null

MockHttpServletResponse:
           Status = 401
    Error message = null
          Headers = [Vary:"Origin", "Access-Control-Request-Method", "Access-Control-Request-Headers", Content-Type:"application/json", X-Content-Type-Options:"nosniff", X-XSS-Protection:"0", Cache-Control:"no-cache, no-store, max-age=0, must-revalidate", Pragma:"no-cache", Expires:"0", X-Frame-Options:"DENY"]
     Content type = application/json
             Body = {"success":false,"message":"Unauthorized: Please provide a valid Bearer token to access this resource","timestamp":"2026-04-03T15:12:31.7104988"}
    Forwarded URL = null
   Redirected URL = null
          Cookies = []
2026-04-03T15:12:31.737+05:30  WARN 34096 --- [           main] c.f.s.JwtAuthenticationEntryPoint        : Unauthorized access attempt: POST /api/records

MockHttpServletRequest:
      HTTP Method = POST
      Request URI = /api/auth/register
       Parameters = {}
          Headers = [Content-Type:"application/json;charset=UTF-8", Content-Length:"86"]
             Body = {"username":"rec_admin","email":"rec_admin@test.com","password":"pass","role":"ADMIN"}
    Session Attrs = {}

Handler:
             Type = com.finance.controller.AuthController
           Method = com.finance.controller.AuthController#register(RegisterRequest)

Async:
    Async started = false
     Async result = null

Resolved Exception:
             Type = org.springframework.web.bind.MethodArgumentNotValidException

ModelAndView:
        View name = null
             View = null
            Model = null

FlashMap:
       Attributes = null

MockHttpServletResponse:
           Status = 400
    Error message = null
          Headers = [Vary:"Origin", "Access-Control-Request-Method", "Access-Control-Request-Headers", X-RateLimit-Limit:"100", X-RateLimit-Remaining:"78", Content-Type:"application/json", X-Content-Type-Options:"nosniff", X-XSS-Protection:"0", Cache-Control:"no-cache, no-store, max-age=0, must-revalidate", Pragma:"no-cache", Expires:"0", X-Frame-Options:"DENY"]
     Content type = application/json
             Body = {"success":false,"message":"Validation failed","data":{"password":"Password must be at least 6 characters"},"timestamp":"2026-04-03T15:12:31.7251528"}
    Forwarded URL = null
   Redirected URL = null
          Cookies = []

MockHttpServletRequest:
      HTTP Method = POST
      Request URI = /api/auth/register
       Parameters = {}
          Headers = [Content-Type:"application/json;charset=UTF-8", Content-Length:"92"]
             Body = {"username":"rec_analyst","email":"rec_analyst@test.com","password":"pass","role":"ANALYST"}
    Session Attrs = {}

Handler:
             Type = com.finance.controller.AuthController
           Method = com.finance.controller.AuthController#register(RegisterRequest)

Async:
    Async started = false
     Async result = null

Resolved Exception:
             Type = org.springframework.web.bind.MethodArgumentNotValidException

ModelAndView:
        View name = null
             View = null
            Model = null

FlashMap:
       Attributes = null

MockHttpServletResponse:
           Status = 400
    Error message = null
          Headers = [Vary:"Origin", "Access-Control-Request-Method", "Access-Control-Request-Headers", X-RateLimit-Limit:"100", X-RateLimit-Remaining:"77", Content-Type:"application/json", X-Content-Type-Options:"nosniff", X-XSS-Protection:"0", Cache-Control:"no-cache, no-store, max-age=0, must-revalidate", Pragma:"no-cache", Expires:"0", X-Frame-Options:"DENY"]
     Content type = application/json
             Body = {"success":false,"message":"Validation failed","data":{"password":"Password must be at least 6 characters"},"timestamp":"2026-04-03T15:12:31.7301485"}
    Forwarded URL = null
   Redirected URL = null
          Cookies = []

MockHttpServletRequest:
      HTTP Method = POST
      Request URI = /api/auth/register
       Parameters = {}
          Headers = [Content-Type:"application/json;charset=UTF-8", Content-Length:"89"]
             Body = {"username":"rec_viewer","email":"rec_viewer@test.com","password":"pass","role":"VIEWER"}
    Session Attrs = {}

Handler:
             Type = com.finance.controller.AuthController
           Method = com.finance.controller.AuthController#register(RegisterRequest)

Async:
    Async started = false
     Async result = null

Resolved Exception:
             Type = org.springframework.web.bind.MethodArgumentNotValidException

ModelAndView:
        View name = null
             View = null
            Model = null

FlashMap:
       Attributes = null

MockHttpServletResponse:
           Status = 400
    Error message = null
          Headers = [Vary:"Origin", "Access-Control-Request-Method", "Access-Control-Request-Headers", X-RateLimit-Limit:"100", X-RateLimit-Remaining:"76", Content-Type:"application/json", X-Content-Type-Options:"nosniff", X-XSS-Protection:"0", Cache-Control:"no-cache, no-store, max-age=0, must-revalidate", Pragma:"no-cache", Expires:"0", X-Frame-Options:"DENY"]
     Content type = application/json
             Body = {"success":false,"message":"Validation failed","data":{"password":"Password must be at least 6 characters"},"timestamp":"2026-04-03T15:12:31.7353284"}
    Forwarded URL = null
   Redirected URL = null
          Cookies = []

MockHttpServletRequest:
      HTTP Method = POST
      Request URI = /api/records
       Parameters = {}
          Headers = [Content-Type:"application/json;charset=UTF-8", Authorization:"Bearer ", Content-Length:"90"]
             Body = {"amount":0,"type":"INCOME","category":"Salary","date":"2026-04-03","notes":"Test record"}
    Session Attrs = {}

Handler:
             Type = null

Async:
    Async started = false
     Async result = null

Resolved Exception:
             Type = null

ModelAndView:
        View name = null
             View = null
            Model = null

FlashMap:
       Attributes = null

MockHttpServletResponse:
           Status = 401
    Error message = null
          Headers = [Vary:"Origin", "Access-Control-Request-Method", "Access-Control-Request-Headers", Content-Type:"application/json", X-Content-Type-Options:"nosniff", X-XSS-Protection:"0", Cache-Control:"no-cache, no-store, max-age=0, must-revalidate", Pragma:"no-cache", Expires:"0", X-Frame-Options:"DENY"]
     Content type = application/json
             Body = {"success":false,"message":"Unauthorized: Please provide a valid Bearer token to access this resource","timestamp":"2026-04-03T15:12:31.7373287"}
    Forwarded URL = null
   Redirected URL = null
          Cookies = []
2026-04-03T15:12:31.758+05:30  WARN 34096 --- [           main] c.f.s.JwtAuthenticationEntryPoint        : Unauthorized access attempt: POST /api/records

MockHttpServletRequest:
      HTTP Method = POST
      Request URI = /api/auth/register
       Parameters = {}
          Headers = [Content-Type:"application/json;charset=UTF-8", Content-Length:"86"]
             Body = {"username":"rec_admin","email":"rec_admin@test.com","password":"pass","role":"ADMIN"}
    Session Attrs = {}

Handler:
             Type = com.finance.controller.AuthController
           Method = com.finance.controller.AuthController#register(RegisterRequest)

Async:
    Async started = false
     Async result = null

Resolved Exception:
             Type = org.springframework.web.bind.MethodArgumentNotValidException

ModelAndView:
        View name = null
             View = null
            Model = null

FlashMap:
       Attributes = null

MockHttpServletResponse:
           Status = 400
    Error message = null
          Headers = [Vary:"Origin", "Access-Control-Request-Method", "Access-Control-Request-Headers", X-RateLimit-Limit:"100", X-RateLimit-Remaining:"75", Content-Type:"application/json", X-Content-Type-Options:"nosniff", X-XSS-Protection:"0", Cache-Control:"no-cache, no-store, max-age=0, must-revalidate", Pragma:"no-cache", Expires:"0", X-Frame-Options:"DENY"]
     Content type = application/json
             Body = {"success":false,"message":"Validation failed","data":{"password":"Password must be at least 6 characters"},"timestamp":"2026-04-03T15:12:31.7503385"}
    Forwarded URL = null
   Redirected URL = null
          Cookies = []

MockHttpServletRequest:
      HTTP Method = POST
      Request URI = /api/auth/register
       Parameters = {}
          Headers = [Content-Type:"application/json;charset=UTF-8", Content-Length:"92"]
             Body = {"username":"rec_analyst","email":"rec_analyst@test.com","password":"pass","role":"ANALYST"}
    Session Attrs = {}

Handler:
             Type = com.finance.controller.AuthController
           Method = com.finance.controller.AuthController#register(RegisterRequest)

Async:
    Async started = false
     Async result = null

Resolved Exception:
             Type = org.springframework.web.bind.MethodArgumentNotValidException

ModelAndView:
        View name = null
             View = null
            Model = null

FlashMap:
       Attributes = null

MockHttpServletResponse:
           Status = 400
    Error message = null
          Headers = [Vary:"Origin", "Access-Control-Request-Method", "Access-Control-Request-Headers", X-RateLimit-Limit:"100", X-RateLimit-Remaining:"74", Content-Type:"application/json", X-Content-Type-Options:"nosniff", X-XSS-Protection:"0", Cache-Control:"no-cache, no-store, max-age=0, must-revalidate", Pragma:"no-cache", Expires:"0", X-Frame-Options:"DENY"]
     Content type = application/json
             Body = {"success":false,"message":"Validation failed","data":{"password":"Password must be at least 6 characters"},"timestamp":"2026-04-03T15:12:31.7548656"}
    Forwarded URL = null
   Redirected URL = null
          Cookies = []

MockHttpServletRequest:
      HTTP Method = POST
      Request URI = /api/auth/register
       Parameters = {}
          Headers = [Content-Type:"application/json;charset=UTF-8", Content-Length:"89"]
             Body = {"username":"rec_viewer","email":"rec_viewer@test.com","password":"pass","role":"VIEWER"}
    Session Attrs = {}

Handler:
             Type = com.finance.controller.AuthController
           Method = com.finance.controller.AuthController#register(RegisterRequest)

Async:
    Async started = false
     Async result = null

Resolved Exception:
             Type = org.springframework.web.bind.MethodArgumentNotValidException

ModelAndView:
        View name = null
             View = null
            Model = null

FlashMap:
       Attributes = null

MockHttpServletResponse:
           Status = 400
    Error message = null
          Headers = [Vary:"Origin", "Access-Control-Request-Method", "Access-Control-Request-Headers", X-RateLimit-Limit:"100", X-RateLimit-Remaining:"73", Content-Type:"application/json", X-Content-Type-Options:"nosniff", X-XSS-Protection:"0", Cache-Control:"no-cache, no-store, max-age=0, must-revalidate", Pragma:"no-cache", Expires:"0", X-Frame-Options:"DENY"]
     Content type = application/json
             Body = {"success":false,"message":"Validation failed","data":{"password":"Password must be at least 6 characters"},"timestamp":"2026-04-03T15:12:31.7568644"}
    Forwarded URL = null
   Redirected URL = null
          Cookies = []

MockHttpServletRequest:
      HTTP Method = POST
      Request URI = /api/records
       Parameters = {}
          Headers = [Content-Type:"application/json;charset=UTF-8", Authorization:"Bearer ", Content-Length:"96"]
             Body = {"amount":1500.00,"type":"INCOME","category":"Salary","date":"2026-04-03","notes":"Test record"}
    Session Attrs = {}

Handler:
             Type = null

Async:
    Async started = false
     Async result = null

Resolved Exception:
             Type = null

ModelAndView:
        View name = null
             View = null
            Model = null

FlashMap:
       Attributes = null

MockHttpServletResponse:
           Status = 401
    Error message = null
          Headers = [Vary:"Origin", "Access-Control-Request-Method", "Access-Control-Request-Headers", Content-Type:"application/json", X-Content-Type-Options:"nosniff", X-XSS-Protection:"0", Cache-Control:"no-cache, no-store, max-age=0, must-revalidate", Pragma:"no-cache", Expires:"0", X-Frame-Options:"DENY"]
     Content type = application/json
             Body = {"success":false,"message":"Unauthorized: Please provide a valid Bearer token to access this resource","timestamp":"2026-04-03T15:12:31.7602952"}
    Forwarded URL = null
   Redirected URL = null
          Cookies = []
[ERROR] Tests run: 9, Failures: 8, Errors: 0, Skipped: 0, Time elapsed: 25.02 s <<< FAILURE! -- in com.finance.controller.FinancialRecordControllerIntegrationTest
[ERROR] com.finance.controller.FinancialRecordControllerIntegrationTest.getRecords_asAnalyst_returns200 -- Time elapsed: 1.180 s <<< FAILURE!
java.lang.AssertionError: Status expected:<200> but was:<401>
	at org.springframework.test.util.AssertionErrors.fail(AssertionErrors.java:59)
	at org.springframework.test.util.AssertionErrors.assertEquals(AssertionErrors.java:122)
	at org.springframework.test.web.servlet.result.StatusResultMatchers.lambda$matcher$9(StatusResultMatchers.java:637)
	at org.springframework.test.web.servlet.MockMvc$1.andExpect(MockMvc.java:214)
	at com.finance.controller.FinancialRecordControllerIntegrationTest.getRecords_asAnalyst_returns200(FinancialRecordControllerIntegrationTest.java:99)
	at java.base/java.lang.reflect.Method.invoke(Method.java:578)
	at java.base/java.util.ArrayList.forEach(ArrayList.java:1511)
	at java.base/java.util.ArrayList.forEach(ArrayList.java:1511)

[ERROR] com.finance.controller.FinancialRecordControllerIntegrationTest.deleteRecord_asAdmin_returns200 -- Time elapsed: 0.028 s <<< FAILURE!
java.lang.AssertionError: Status expected:<201> but was:<401>
	at org.springframework.test.util.AssertionErrors.fail(AssertionErrors.java:59)
	at org.springframework.test.util.AssertionErrors.assertEquals(AssertionErrors.java:122)
	at org.springframework.test.web.servlet.result.StatusResultMatchers.lambda$matcher$9(StatusResultMatchers.java:637)
	at org.springframework.test.web.servlet.MockMvc$1.andExpect(MockMvc.java:214)
	at com.finance.controller.FinancialRecordControllerIntegrationTest.deleteRecord_asAdmin_returns200(FinancialRecordControllerIntegrationTest.java:152)
	at java.base/java.lang.reflect.Method.invoke(Method.java:578)
	at java.base/java.util.ArrayList.forEach(ArrayList.java:1511)
	at java.base/java.util.ArrayList.forEach(ArrayList.java:1511)

[ERROR] com.finance.controller.FinancialRecordControllerIntegrationTest.getRecords_asViewer_returns403 -- Time elapsed: 0.056 s <<< FAILURE!
java.lang.AssertionError: Status expected:<403> but was:<401>
	at org.springframework.test.util.AssertionErrors.fail(AssertionErrors.java:59)
	at org.springframework.test.util.AssertionErrors.assertEquals(AssertionErrors.java:122)
	at org.springframework.test.web.servlet.result.StatusResultMatchers.lambda$matcher$9(StatusResultMatchers.java:637)
	at org.springframework.test.web.servlet.MockMvc$1.andExpect(MockMvc.java:214)
	at com.finance.controller.FinancialRecordControllerIntegrationTest.getRecords_asViewer_returns403(FinancialRecordControllerIntegrationTest.java:109)
	at java.base/java.lang.reflect.Method.invoke(Method.java:578)
	at java.base/java.util.ArrayList.forEach(ArrayList.java:1511)
	at java.base/java.util.ArrayList.forEach(ArrayList.java:1511)

[ERROR] com.finance.controller.FinancialRecordControllerIntegrationTest.createRecord_asAdmin_returns201 -- Time elapsed: 0.031 s <<< FAILURE!
java.lang.AssertionError: Status expected:<201> but was:<401>
	at org.springframework.test.util.AssertionErrors.fail(AssertionErrors.java:59)
	at org.springframework.test.util.AssertionErrors.assertEquals(AssertionErrors.java:122)
	at org.springframework.test.web.servlet.result.StatusResultMatchers.lambda$matcher$9(StatusResultMatchers.java:637)
	at org.springframework.test.web.servlet.MockMvc$1.andExpect(MockMvc.java:214)
	at com.finance.controller.FinancialRecordControllerIntegrationTest.createRecord_asAdmin_returns201(FinancialRecordControllerIntegrationTest.java:57)
	at java.base/java.lang.reflect.Method.invoke(Method.java:578)
	at java.base/java.util.ArrayList.forEach(ArrayList.java:1511)
	at java.base/java.util.ArrayList.forEach(ArrayList.java:1511)

[ERROR] com.finance.controller.FinancialRecordControllerIntegrationTest.createRecord_futureDate_returns400 -- Time elapsed: 0.023 s <<< FAILURE!
java.lang.AssertionError: Status expected:<400> but was:<401>
	at org.springframework.test.util.AssertionErrors.fail(AssertionErrors.java:59)
	at org.springframework.test.util.AssertionErrors.assertEquals(AssertionErrors.java:122)
	at org.springframework.test.web.servlet.result.StatusResultMatchers.lambda$matcher$9(StatusResultMatchers.java:637)
	at org.springframework.test.web.servlet.MockMvc$1.andExpect(MockMvc.java:214)
	at com.finance.controller.FinancialRecordControllerIntegrationTest.createRecord_futureDate_returns400(FinancialRecordControllerIntegrationTest.java:138)
	at java.base/java.lang.reflect.Method.invoke(Method.java:578)
	at java.base/java.util.ArrayList.forEach(ArrayList.java:1511)
	at java.base/java.util.ArrayList.forEach(ArrayList.java:1511)

[ERROR] com.finance.controller.FinancialRecordControllerIntegrationTest.createRecord_asViewer_returns403 -- Time elapsed: 0.031 s <<< FAILURE!
java.lang.AssertionError: Status expected:<403> but was:<401>
	at org.springframework.test.util.AssertionErrors.fail(AssertionErrors.java:59)
	at org.springframework.test.util.AssertionErrors.assertEquals(AssertionErrors.java:122)
	at org.springframework.test.web.servlet.result.StatusResultMatchers.lambda$matcher$9(StatusResultMatchers.java:637)
	at org.springframework.test.web.servlet.MockMvc$1.andExpect(MockMvc.java:214)
	at com.finance.controller.FinancialRecordControllerIntegrationTest.createRecord_asViewer_returns403(FinancialRecordControllerIntegrationTest.java:80)
	at java.base/java.lang.reflect.Method.invoke(Method.java:578)
	at java.base/java.util.ArrayList.forEach(ArrayList.java:1511)
	at java.base/java.util.ArrayList.forEach(ArrayList.java:1511)

[ERROR] com.finance.controller.FinancialRecordControllerIntegrationTest.createRecord_zeroAmount_returns400 -- Time elapsed: 0.022 s <<< FAILURE!
java.lang.AssertionError: Status expected:<400> but was:<401>
	at org.springframework.test.util.AssertionErrors.fail(AssertionErrors.java:59)
	at org.springframework.test.util.AssertionErrors.assertEquals(AssertionErrors.java:122)
	at org.springframework.test.web.servlet.result.StatusResultMatchers.lambda$matcher$9(StatusResultMatchers.java:637)
	at org.springframework.test.web.servlet.MockMvc$1.andExpect(MockMvc.java:214)
	at com.finance.controller.FinancialRecordControllerIntegrationTest.createRecord_zeroAmount_returns400(FinancialRecordControllerIntegrationTest.java:124)
	at java.base/java.lang.reflect.Method.invoke(Method.java:578)
	at java.base/java.util.ArrayList.forEach(ArrayList.java:1511)
	at java.base/java.util.ArrayList.forEach(ArrayList.java:1511)

[ERROR] com.finance.controller.FinancialRecordControllerIntegrationTest.createRecord_asAnalyst_returns403 -- Time elapsed: 0.021 s <<< FAILURE!
java.lang.AssertionError: Status expected:<403> but was:<401>
	at org.springframework.test.util.AssertionErrors.fail(AssertionErrors.java:59)
	at org.springframework.test.util.AssertionErrors.assertEquals(AssertionErrors.java:122)
	at org.springframework.test.web.servlet.result.StatusResultMatchers.lambda$matcher$9(StatusResultMatchers.java:637)
	at org.springframework.test.web.servlet.MockMvc$1.andExpect(MockMvc.java:214)
	at com.finance.controller.FinancialRecordControllerIntegrationTest.createRecord_asAnalyst_returns403(FinancialRecordControllerIntegrationTest.java:70)
	at java.base/java.lang.reflect.Method.invoke(Method.java:578)
	at java.base/java.util.ArrayList.forEach(ArrayList.java:1511)
	at java.base/java.util.ArrayList.forEach(ArrayList.java:1511)

[INFO] 
[INFO] Results:
[INFO] 
[ERROR] Failures: 
[ERROR]   FinancialRecordControllerIntegrationTest.createRecord_asAdmin_returns201:57 Status expected:<201> but was:<401>
[ERROR]   FinancialRecordControllerIntegrationTest.createRecord_asAnalyst_returns403:70 Status expected:<403> but was:<401>
[ERROR]   FinancialRecordControllerIntegrationTest.createRecord_asViewer_returns403:80 Status expected:<403> but was:<401>
[ERROR]   FinancialRecordControllerIntegrationTest.createRecord_futureDate_returns400:138 Status expected:<400> but was:<401>
[ERROR]   FinancialRecordControllerIntegrationTest.createRecord_zeroAmount_returns400:124 Status expected:<400> but was:<401>
[ERROR]   FinancialRecordControllerIntegrationTest.deleteRecord_asAdmin_returns200:152 Status expected:<201> but was:<401>
[ERROR]   FinancialRecordControllerIntegrationTest.getRecords_asAnalyst_returns200:99 Status expected:<200> but was:<401>
[ERROR]   FinancialRecordControllerIntegrationTest.getRecords_asViewer_returns403:109 Status expected:<403> but was:<401>
[INFO] 
[ERROR] Tests run: 9, Failures: 8, Errors: 0, Skipped: 0
[INFO] 
[INFO] ------------------------------------------------------------------------
[INFO] BUILD FAILURE
[INFO] ------------------------------------------------------------------------
[INFO] Total time:  36.405 s
[INFO] Finished at: 2026-04-03T15:12:31+05:30
[INFO] ------------------------------------------------------------------------
[ERROR] Failed to execute goal org.apache.maven.plugins:maven-surefire-plugin:3.1.2:test (default-test) on project finance-backend: There are test failures.
[ERROR] 
[ERROR] Please refer to C:\Users\shrey\Downloads\finance-backend-final\finance-backend\target\surefire-reports for the individual test results.
[ERROR] Please refer to dump files (if any exist) [date].dump, [date]-jvmRun[N].dump and [date].dumpstream.
[ERROR] -> [Help 1]
[ERROR] 
[ERROR] To see the full stack trace of the errors, re-run Maven with the -e switch.
[ERROR] Re-run Maven using the -X switch to enable full debug logging.
[ERROR] 
[ERROR] For more information about the errors and possible solutions, please read the following articles:
[ERROR] [Help 1] http://cwiki.apache.org/confluence/display/MAVEN/MojoFailureException
